<?xml version="1.0" encoding="utf-8"?><testsuites><testsuite name="pytest" errors="0" failures="0" skipped="0" tests="3" time="3.485" timestamp="2026-05-15T20:28:56.787608" hostname="devopslab1"><testcase classname="tests.test_api" name="test_successful_api_login" time="0.597" /><testcase classname="tests.test_ui" name="test_successful_login[chromium]" time="2.335" /><testcase classname="tests.test_unit" name="test_token_serialization" time="0.151" /></testsuite></testsuites>